Status Code: 200
Response: {"reply":"There are no events available near you because the database does not have a table to store event information. Please check back later or contact the administrator to report this issue.","type":"text"}
